COVER:: Prg(PRG_3021496) Lev(3) Trk(5) Tst(0,105139A) Row( 48.94%)(N635:U193:C185:T378)
COVER:: N:1,2,3,4,5,6,7,8,9,10,11,12,13,14,15,16,17,18,19,20
COVER:: N:21,22,23,24,25,26,27,28 C:29,30,31,32,33 N:34,35,36,37 C:38,39 N:40
COVER:: N:41,42,43 C:44,45,46,47,48 N:49,50,51,52 C:53,54,55,56,57 N:58,59,60
COVER:: N:61 C:62,63,64,65,66 N:67,68,69,70 C:71,72,73,74,75 N:76,77,78,79 C:80
COVER:: C:81,82,83,84 N:85,86,87,88 C:89,90 N:91,92,93,94 C:95,96 N:97,98,99,100
COVER:: C:101,102 N:103,104 C:105 N:106,107,108,109,110,111,112,113,114,115,116,117,118,119,120
COVER:: N:121,122,123,124,125,126,127,128,129,130,131,132,133 C:134,135,136,137,138,139,140
COVER:: C:141,142,143,144,145 N:146,147,148,149 C:150,151 N:152,153,154,155,156 U:157 N:158,159,160
COVER:: C:161 N:162,163,164 U:165 N:166,167,168 U:169 N:170,171,172 U:173,174 N:175,176,177,178,179,180
COVER:: U:181 N:182,183,184 U:185 N:186,187,188,189,190,191 U:192 N:193,194,195 U:196 N:197,198,199 U:200
COVER:: N:201,202,203 U:204 N:205,206,207 U:208,209 N:210,211,212,213,214,215 U:216 N:217,218,219 U:220
COVER:: N:221,222,223 U:224 N:225,226,227 U:228 N:229,230,231 U:232,233 N:234,235,236,237,238,239 U:240
COVER:: N:241,242,243 U:244 N:245,246,247 U:248 N:249,250,251 U:252 N:253,254,255 U:256,257 N:258,259,260
COVER:: N:261,262,263 U:264 N:265,266,267 U:268 N:269,270,271 U:272 N:273,274,275 U:276 N:277,278,279 U:280
COVER:: U:281 N:282,283,284,285,286,287 U:288 N:289,290,291 U:292 N:293,294,295 U:296 N:297,298,299 U:300
COVER:: N:301,302,303 U:304,305 N:306,307,308,309,310,311 U:312 N:313,314,315 U:316 N:317,318,319,320
COVER:: N:321,322 U:323 N:324,325,326 U:327 N:328,329,330,331,332,333 U:334 N:335,336,337 U:338 N:339,340
COVER:: N:341,342 C:343 N:344 C:345 N:346,347,348,349,350,351,352,353,354,355,356,357,358,359,360
COVER:: N:361 C:362,363,364,365,366 N:367,368 C:369 N:370 C:371,372 N:373 U:374 N:375,376 C:377 N:378 C:379 N:380
COVER:: Prg(PRG_CCLUT1) Lev(4) Trk(5) Tst(0,105139A) Row( 68.63%)(N52:U16:C35:T51)
COVER:: N:1,2,3,4,5,6,7,8,9 C:10,11,12 N:13 C:14,15,16,17,18,19,20
COVER:: N:21,22,23 C:24 N:25,26,27,28,29,30,31,32,33,34,35 C:36,37,38,39,40
COVER:: C:41,42,43,44,45,46,47,48 N:49 C:50 N:51 C:52 N:53,54,55,56,57 U:58 N:59 U:60
COVER:: U:61,62,63,64,65 N:66,67,68 C:69,70,71,72,73 N:74 C:75,76 N:77,78 U:79,80
COVER:: N:81,82 U:83,84 N:85,86 U:87,88 N:89,90 U:91 N:92,93 U:94 N:95,96 U:97 N:98,99 C:100
COVER:: N:101 C:102 N:103
COVER:: Prg(PRG_CCLUT2) Lev(4) Trk(5) Tst(0,105139A) Row( 68.63%)(N52:U16:C35:T51)
COVER:: N:1 C:2,3,4,5,6 N:7,8,9,10 C:11,12,13,14,15 N:16,17,18,19 C:20
COVER:: C:21,22,23,24 N:25,26,27,28 C:29,30 N:31,32,33,34 C:35,36 N:37,38,39,40
COVER:: C:41,42 N:43,44 C:45 N:46,47,48,49,50,51,52,53,54,55,56,57,58,59,60
COVER:: N:61,62,63,64,65,66,67,68,69,70,71,72,73 C:74,75,76,77,78,79,80
COVER:: C:81,82,83,84,85 N:86,87,88,89 C:90,91 N:92,93,94,95,96 U:97 N:98,99,100
COVER:: C:101 N:102,103,104 U:105 N:106,107,108 U:109 N:110,111,112 U:113,114 N:115,116,117,118,119,120
COVER:: U:121 N:122,123,124 U:125 N:126,127,128,129,130,131 U:132 N:133,134,135 U:136 N:137,138,139 U:140
